PS C:\Users\Nacho\Desktop\git_challenge> git init
Initialized empty Git repository in C:/Users/Nacho/Desktop/git_challenge/.git/
PS C:\Users\Nacho\Desktop\git_challenge> git add .
PS C:\Users\Nacho\Desktop\git_challenge> git commit -m "hello_world.txt"
[main (root-commit) 20eded1] hello_world.txt
 create mode 100644 hello_world.txt
PS C:\Users\Nacho\Desktop\git_challenge> git commit -m "connichiwa_sekai"
On branch main
Changes not staged for commit:
  (use "git add <file>..." to update what will be committed)
  (use "git restore <file>..." to discard changes in working directory)
        modified:   hello_world.txt

no changes added to commit (use "git add" and/or "git commit -a")
PS C:\Users\Nacho\Desktop\git_challenge> git log --oneline
20eded1 (HEAD -> main) hello_world.txt